<html>
<body>
<pre>
<h1>礦ision Build Log</h1>
<h2>Tool Versions:</h2>
IDE-Version: μVision V5.14.0.0
Copyright (C) 2015 ARM Ltd and ARM Germany GmbH. All rights reserved.
License Information: 111 2861664549@qq.com, 3, LIC=TIVNB-2S6BI-12PLE-5SQB0-ZHPEV-8K812
 
Tool Versions:
Toolchain:       MDK-ARM Standard  Version: 5.14.0.0
Toolchain Path:  D:\keil5\ARM\ARMCC\Bin
C Compiler:      Armcc.exe V5.05 update 1 (build 106)
Assembler:       Armasm.exe V5.05 update 1 (build 106)
Linker/Locator:  ArmLink.exe V5.05 update 1 (build 106)
Library Manager: ArmAr.exe V5.05 update 1 (build 106)
Hex Converter:   FromElf.exe V5.05 update 1 (build 106)
CPU DLL:         SARMCM3.DLL V5.14.0.0
Dialog DLL:      DCM.DLL V1.13.1.0
Target DLL:      STLink\ST-LINKIII-KEIL_SWO.dll V2.0.14.0_KEIL
Dialog DLL:      TCM.DLL V1.14.4.0
 
<h2>Project:</h2>
C:\Users\28616\Desktop\STM32F103C8T6 Flash\USER\HC05.uvprojx
Project File Date:  10/11/2021

<h2>Output:</h2>
Build target 'HC05'
compiling stmflash.c...
..\HARDWARE\FLASH\stmflash.c(192): warning:  #177-D: variable "date" was declared but never referenced
        static unsigned int date=0;//静态数据，不随函数进入把数据清除
..\HARDWARE\FLASH\stmflash.c: 1 warning, 0 errors
linking...
Program Size: Code=3676 RO-data=268 RW-data=52 ZI-data=2916  
FromELF: creating hex file...
"..\OBJ\ATK-HC05.axf" - 0 Error(s), 1 Warning(s).

<h2>Collection of Component include folders:</h2>
  C:\Users\28616\Desktop\STM32F103C8T6 Flash\USER\RTE
  D:\keil5\ARM\PACK\Keil\STM32F1xx_DFP\2.2.0

<h2>Collection of Component Files used:</h2>
</pre>
</body>
</html>
